[2025-07-18 22:34:16,474][INFO]  MainWindow init thread id0x7f2268bfbc80
[2025-07-18 22:34:16,512][INFO] init image window location:front topic:/yolo/result_image/compressed
[2025-07-18 22:34:16,564][INFO] image location:fronttopic:/yolo/result_image/compressed
[2025-07-18 22:34:16,565][ERROR] getTransform error from:base_link to:map error:"map" passed to lookupTransform argument target_frame does not exist. 
[2025-07-18 22:34:16,589][INFO] ros_qt5_gui_app init!
[2025-07-18 22:34:16,624][ERROR] getTransform error from:base_link to:map error:"map" passed to lookupTransform argument target_frame does not exist. 
[2025-07-18 22:34:16,680][ERROR] getTransform error from:base_link to:map error:"map" passed to lookupTransform argument target_frame does not exist. 
[2025-07-18 22:34:16,713][ERROR] getTransform error from:base_link to:map error:"map" passed to lookupTransform argument target_frame does not exist. 
[2025-07-18 22:34:16,747][ERROR] getTransform error from:base_link to:map error:"map" passed to lookupTransform argument target_frame does not exist. 
[2025-07-18 22:34:16,780][ERROR] getTransform error from:base_link to:map error:"map" passed to lookupTransform argument target_frame does not exist. 
[2025-07-18 22:34:16,813][ERROR] getTransform error from:base_link to:map error:"map" passed to lookupTransform argument target_frame does not exist. 
[2025-07-18 22:34:16,846][ERROR] getTransform error from:base_link to:map error:"map" passed to lookupTransform argument target_frame does not exist. 
[2025-07-18 22:34:16,880][ERROR] getTransform error from:base_link to:map error:"map" passed to lookupTransform argument target_frame does not exist. 
[2025-07-18 22:34:16,913][ERROR] getTransform error from:base_link to:map error:"map" passed to lookupTransform argument target_frame does not exist. 
[2025-07-18 22:34:16,946][ERROR] getTransform error from:base_link to:map error:"map" passed to lookupTransform argument target_frame does not exist. 
[2025-07-18 22:34:16,979][ERROR] getTransform error from:base_link to:map error:"map" passed to lookupTransform argument target_frame does not exist. 
[2025-07-18 22:34:17,013][ERROR] getTransform error from:base_link to:map error:"map" passed to lookupTransform argument target_frame does not exist. 
[2025-07-18 22:34:17,046][ERROR] getTransform error from:base_link to:map error:"map" passed to lookupTransform argument target_frame does not exist. 
[2025-07-18 22:34:17,079][ERROR] getTransform error from:base_link to:map error:"map" passed to lookupTransform argument target_frame does not exist. 
[2025-07-18 22:34:17,112][ERROR] getTransform error from:base_link to:map error:"map" passed to lookupTransform argument target_frame does not exist. 
[2025-07-18 22:34:17,145][ERROR] getTransform error from:base_link to:map error:"map" passed to lookupTransform argument target_frame does not exist. 
[2025-07-18 22:34:17,179][ERROR] getTransform error from:base_link to:map error:"map" passed to lookupTransform argument target_frame does not exist. 
[2025-07-18 22:34:17,212][ERROR] getTransform error from:base_link to:map error:"map" passed to lookupTransform argument target_frame does not exist. 
[2025-07-18 22:34:17,245][ERROR] getTransform error from:base_link to:map error:"map" passed to lookupTransform argument target_frame does not exist. 
[2025-07-18 22:34:17,278][ERROR] getTransform error from:base_link to:map error:"map" passed to lookupTransform argument target_frame does not exist. 
[2025-07-18 22:34:17,312][ERROR] getTransform error from:base_link to:map error:"map" passed to lookupTransform argument target_frame does not exist. 
[2025-07-18 22:34:17,345][ERROR] getTransform error from:base_link to:map error:"map" passed to lookupTransform argument target_frame does not exist. 
[2025-07-18 22:34:17,378][ERROR] getTransform error from:base_link to:map error:"map" passed to lookupTransform argument target_frame does not exist. 
[2025-07-18 22:34:17,411][ERROR] getTransform error from:base_link to:map error:"map" passed to lookupTransform argument target_frame does not exist. 
[2025-07-18 22:34:17,444][ERROR] getTransform error from:base_link to:map error:"map" passed to lookupTransform argument target_frame does not exist. 
[2025-07-18 22:34:17,478][ERROR] getTransform error from:base_link to:map error:"map" passed to lookupTransform argument target_frame does not exist. 
[2025-07-18 22:34:17,511][ERROR] getTransform error from:base_link to:map error:"map" passed to lookupTransform argument target_frame does not exist. 
[2025-07-18 22:34:17,544][ERROR] getTransform error from:base_link to:map error:"map" passed to lookupTransform argument target_frame does not exist. 
[2025-07-18 22:34:17,577][ERROR] getTransform error from:base_link to:map error:"map" passed to lookupTransform argument target_frame does not exist. 
[2025-07-18 22:34:17,611][ERROR] getTransform error from:base_link to:map error:"map" passed to lookupTransform argument target_frame does not exist. 
[2025-07-18 22:34:17,644][ERROR] getTransform error from:base_link to:map error:"map" passed to lookupTransform argument target_frame does not exist. 
[2025-07-18 22:34:17,677][ERROR] getTransform error from:base_link to:map error:"map" passed to lookupTransform argument target_frame does not exist. 
[2025-07-18 22:34:17,710][ERROR] getTransform error from:base_link to:map error:"map" passed to lookupTransform argument target_frame does not exist. 
[2025-07-18 22:34:17,743][ERROR] getTransform error from:base_link to:map error:"map" passed to lookupTransform argument target_frame does not exist. 
[2025-07-18 22:34:17,777][ERROR] getTransform error from:base_link to:map error:"map" passed to lookupTransform argument target_frame does not exist. 
[2025-07-18 22:34:17,810][ERROR] getTransform error from:base_link to:map error:"map" passed to lookupTransform argument target_frame does not exist. 
[2025-07-18 22:34:17,843][ERROR] getTransform error from:base_link to:map error:"map" passed to lookupTransform argument target_frame does not exist. 
[2025-07-18 22:34:17,876][ERROR] getTransform error from:base_link to:map error:"map" passed to lookupTransform argument target_frame does not exist. 
[2025-07-18 22:34:17,909][ERROR] getTransform error from:base_link to:map error:"map" passed to lookupTransform argument target_frame does not exist. 
[2025-07-18 22:34:17,943][ERROR] getTransform error from:base_link to:map error:"map" passed to lookupTransform argument target_frame does not exist. 
[2025-07-18 22:34:17,976][ERROR] getTransform error from:base_link to:map error:"map" passed to lookupTransform argument target_frame does not exist. 
[2025-07-18 22:34:18,009][ERROR] getTransform error from:base_link to:map error:"map" passed to lookupTransform argument target_frame does not exist. 
[2025-07-18 22:34:18,042][ERROR] getTransform error from:base_link to:map error:"map" passed to lookupTransform argument target_frame does not exist. 
[2025-07-18 22:34:18,075][ERROR] getTransform error from:base_link to:map error:"map" passed to lookupTransform argument target_frame does not exist. 
[2025-07-18 22:34:18,109][ERROR] getTransform error from:base_link to:map error:"map" passed to lookupTransform argument target_frame does not exist. 
[2025-07-18 22:34:18,142][ERROR] getTransform error from:base_link to:map error:"map" passed to lookupTransform argument target_frame does not exist. 
[2025-07-18 22:34:18,175][ERROR] getTransform error from:base_link to:map error:"map" passed to lookupTransform argument target_frame does not exist. 
[2025-07-18 22:34:18,208][ERROR] getTransform error from:base_link to:map error:"map" passed to lookupTransform argument target_frame does not exist. 
[2025-07-18 22:34:18,242][ERROR] getTransform error from:base_link to:map error:"map" passed to lookupTransform argument target_frame does not exist. 
[2025-07-18 22:34:18,275][ERROR] getTransform error from:base_link to:map error:"map" passed to lookupTransform argument target_frame does not exist. 
[2025-07-18 22:34:18,308][ERROR] getTransform error from:base_link to:map error:"map" passed to lookupTransform argument target_frame does not exist. 
[2025-07-18 22:34:18,341][ERROR] getTransform error from:base_link to:map error:"map" passed to lookupTransform argument target_frame does not exist. 
[2025-07-18 22:34:18,375][ERROR] getTransform error from:base_link to:map error:"map" passed to lookupTransform argument target_frame does not exist. 
[2025-07-18 22:34:18,408][ERROR] getTransform error from:base_link to:map error:"map" passed to lookupTransform argument target_frame does not exist. 
[2025-07-18 22:34:18,441][ERROR] getTransform error from:base_link to:map error:"map" passed to lookupTransform argument target_frame does not exist. 
[2025-07-18 22:34:18,474][ERROR] getTransform error from:base_link to:map error:"map" passed to lookupTransform argument target_frame does not exist. 
[2025-07-18 22:34:18,508][ERROR] getTransform error from:base_link to:map error:"map" passed to lookupTransform argument target_frame does not exist. 
[2025-07-18 22:34:18,541][ERROR] getTransform error from:base_link to:map error:"map" passed to lookupTransform argument target_frame does not exist. 
[2025-07-18 22:34:18,574][ERROR] getTransform error from:base_link to:map error:"map" passed to lookupTransform argument target_frame does not exist. 
[2025-07-18 22:34:18,607][ERROR] getTransform error from:base_link to:map error:"map" passed to lookupTransform argument target_frame does not exist. 
[2025-07-18 22:34:18,641][ERROR] getTransform error from:base_link to:map error:"map" passed to lookupTransform argument target_frame does not exist. 
[2025-07-18 22:34:18,674][ERROR] getTransform error from:base_link to:map error:"map" passed to lookupTransform argument target_frame does not exist. 
[2025-07-18 22:34:18,707][ERROR] getTransform error from:base_link to:map error:"map" passed to lookupTransform argument target_frame does not exist. 
[2025-07-18 22:34:18,740][ERROR] getTransform error from:base_link to:map error:"map" passed to lookupTransform argument target_frame does not exist. 
[2025-07-18 22:34:18,774][ERROR] getTransform error from:base_link to:map error:"map" passed to lookupTransform argument target_frame does not exist. 
[2025-07-18 22:34:18,807][ERROR] getTransform error from:base_link to:map error:"map" passed to lookupTransform argument target_frame does not exist. 
[2025-07-18 22:34:18,840][ERROR] getTransform error from:base_link to:map error:"map" passed to lookupTransform argument target_frame does not exist. 
[2025-07-18 22:34:18,873][ERROR] getTransform error from:base_link to:map error:"map" passed to lookupTransform argument target_frame does not exist. 
[2025-07-18 22:34:18,907][ERROR] getTransform error from:base_link to:map error:"map" passed to lookupTransform argument target_frame does not exist. 
[2025-07-18 22:34:18,940][ERROR] getTransform error from:base_link to:map error:"map" passed to lookupTransform argument target_frame does not exist. 
[2025-07-18 22:34:18,973][ERROR] getTransform error from:base_link to:map error:"map" passed to lookupTransform argument target_frame does not exist. 
[2025-07-18 22:34:19,007][ERROR] getTransform error from:base_link to:map error:"map" passed to lookupTransform argument target_frame does not exist. 
[2025-07-18 22:34:19,040][ERROR] getTransform error from:base_link to:map error:"map" passed to lookupTransform argument target_frame does not exist. 
[2025-07-18 22:34:19,073][ERROR] getTransform error from:base_link to:map error:"map" passed to lookupTransform argument target_frame does not exist. 
[2025-07-18 22:34:19,106][ERROR] getTransform error from:base_link to:map error:"map" passed to lookupTransform argument target_frame does not exist. 
[2025-07-18 22:34:19,140][ERROR] getTransform error from:base_link to:map error:"map" passed to lookupTransform argument target_frame does not exist. 
[2025-07-18 22:34:19,173][ERROR] getTransform error from:base_link to:map error:"map" passed to lookupTransform argument target_frame does not exist. 
[2025-07-18 22:34:19,206][ERROR] getTransform error from:base_link to:map error:"map" passed to lookupTransform argument target_frame does not exist. 
[2025-07-18 22:34:19,239][ERROR] getTransform error from:base_link to:map error:"map" passed to lookupTransform argument target_frame does not exist. 
[2025-07-18 22:34:19,272][ERROR] getTransform error from:base_link to:map error:"map" passed to lookupTransform argument target_frame does not exist. 
[2025-07-18 22:34:19,306][ERROR] getTransform error from:base_link to:map error:"map" passed to lookupTransform argument target_frame does not exist. 
[2025-07-18 22:34:19,339][ERROR] getTransform error from:base_link to:map error:"map" passed to lookupTransform argument target_frame does not exist. 
[2025-07-18 22:34:19,372][ERROR] getTransform error from:base_link to:map error:"map" passed to lookupTransform argument target_frame does not exist. 
[2025-07-18 22:34:19,405][ERROR] getTransform error from:base_link to:map error:"map" passed to lookupTransform argument target_frame does not exist. 
[2025-07-18 22:34:19,439][ERROR] getTransform error from:base_link to:map error:"map" passed to lookupTransform argument target_frame does not exist. 
[2025-07-18 22:34:19,472][ERROR] getTransform error from:base_link to:map error:"map" passed to lookupTransform argument target_frame does not exist. 
[2025-07-18 22:34:19,505][ERROR] getTransform error from:base_link to:map error:"map" passed to lookupTransform argument target_frame does not exist. 
[2025-07-18 22:34:19,538][ERROR] getTransform error from:base_link to:map error:"map" passed to lookupTransform argument target_frame does not exist. 
[2025-07-18 22:34:19,572][ERROR] getTransform error from:base_link to:map error:"map" passed to lookupTransform argument target_frame does not exist. 
[2025-07-18 22:34:19,605][ERROR] getTransform error from:base_link to:map error:"map" passed to lookupTransform argument target_frame does not exist. 
[2025-07-18 22:34:19,638][ERROR] getTransform error from:base_link to:map error:"map" passed to lookupTransform argument target_frame does not exist. 
[2025-07-18 22:34:19,671][ERROR] getTransform error from:base_link to:map error:"map" passed to lookupTransform argument target_frame does not exist. 
[2025-07-18 22:34:19,705][ERROR] getTransform error from:base_link to:map error:"map" passed to lookupTransform argument target_frame does not exist. 
[2025-07-18 22:34:19,738][ERROR] getTransform error from:base_link to:map error:"map" passed to lookupTransform argument target_frame does not exist. 
[2025-07-18 22:34:19,771][ERROR] getTransform error from:base_link to:map error:"map" passed to lookupTransform argument target_frame does not exist. 
[2025-07-18 22:34:19,804][ERROR] getTransform error from:base_link to:map error:"map" passed to lookupTransform argument target_frame does not exist. 
[2025-07-18 22:34:19,837][ERROR] getTransform error from:base_link to:map error:"map" passed to lookupTransform argument target_frame does not exist. 
[2025-07-18 22:34:19,871][ERROR] getTransform error from:base_link to:map error:"map" passed to lookupTransform argument target_frame does not exist. 
[2025-07-18 22:34:19,904][ERROR] getTransform error from:base_link to:map error:"map" passed to lookupTransform argument target_frame does not exist. 
[2025-07-18 22:34:19,937][ERROR] getTransform error from:base_link to:map error:"map" passed to lookupTransform argument target_frame does not exist. 
[2025-07-18 22:34:19,970][ERROR] getTransform error from:base_link to:map error:"map" passed to lookupTransform argument target_frame does not exist. 
[2025-07-18 22:34:20,004][ERROR] getTransform error from:base_link to:map error:"map" passed to lookupTransform argument target_frame does not exist. 
[2025-07-18 22:34:20,037][ERROR] getTransform error from:base_link to:map error:"map" passed to lookupTransform argument target_frame does not exist. 
[2025-07-18 22:34:20,070][ERROR] getTransform error from:base_link to:map error:"map" passed to lookupTransform argument target_frame does not exist. 
[2025-07-18 22:34:20,103][ERROR] getTransform error from:base_link to:map error:"map" passed to lookupTransform argument target_frame does not exist. 
[2025-07-18 22:34:20,137][ERROR] getTransform error from:base_link to:map error:"map" passed to lookupTransform argument target_frame does not exist. 
[2025-07-18 22:34:20,170][ERROR] getTransform error from:base_link to:map error:"map" passed to lookupTransform argument target_frame does not exist. 
[2025-07-18 22:34:20,203][ERROR] getTransform error from:base_link to:map error:"map" passed to lookupTransform argument target_frame does not exist. 
[2025-07-18 22:34:20,236][ERROR] getTransform error from:base_link to:map error:"map" passed to lookupTransform argument target_frame does not exist. 
[2025-07-18 22:34:20,269][ERROR] getTransform error from:base_link to:map error:"map" passed to lookupTransform argument target_frame does not exist. 
[2025-07-18 22:34:20,303][ERROR] getTransform error from:base_link to:map error:"map" passed to lookupTransform argument target_frame does not exist. 
[2025-07-18 22:34:20,336][ERROR] getTransform error from:base_link to:map error:"map" passed to lookupTransform argument target_frame does not exist. 
[2025-07-18 22:34:20,369][ERROR] getTransform error from:base_link to:map error:"map" passed to lookupTransform argument target_frame does not exist. 
[2025-07-18 22:34:20,402][ERROR] getTransform error from:base_link to:map error:"map" passed to lookupTransform argument target_frame does not exist. 
[2025-07-18 22:34:20,436][ERROR] getTransform error from:base_link to:map error:"map" passed to lookupTransform argument target_frame does not exist. 
[2025-07-18 22:34:20,469][ERROR] getTransform error from:base_link to:map error:"map" passed to lookupTransform argument target_frame does not exist. 
[2025-07-18 22:34:20,502][ERROR] getTransform error from:base_link to:map error:"map" passed to lookupTransform argument target_frame does not exist. 
[2025-07-18 22:34:20,535][ERROR] getTransform error from:base_link to:map error:"map" passed to lookupTransform argument target_frame does not exist. 
[2025-07-18 22:34:20,568][ERROR] getTransform error from:base_link to:map error:"map" passed to lookupTransform argument target_frame does not exist. 
[2025-07-18 22:34:20,602][ERROR] getTransform error from:base_link to:map error:"map" passed to lookupTransform argument target_frame does not exist. 
[2025-07-18 22:34:20,635][ERROR] getTransform error from:base_link to:map error:"map" passed to lookupTransform argument target_frame does not exist. 
[2025-07-18 22:34:20,668][ERROR] getTransform error from:base_link to:map error:"map" passed to lookupTransform argument target_frame does not exist. 
[2025-07-18 22:34:20,701][ERROR] getTransform error from:base_link to:map error:"map" passed to lookupTransform argument target_frame does not exist. 
[2025-07-18 22:34:20,735][ERROR] getTransform error from:base_link to:map error:"map" passed to lookupTransform argument target_frame does not exist. 
[2025-07-18 22:34:20,768][ERROR] getTransform error from:base_link to:map error:"map" passed to lookupTransform argument target_frame does not exist. 
[2025-07-18 22:34:20,801][ERROR] getTransform error from:base_link to:map error:"map" passed to lookupTransform argument target_frame does not exist. 
[2025-07-18 22:34:20,834][ERROR] getTransform error from:base_link to:map error:"map" passed to lookupTransform argument target_frame does not exist. 
[2025-07-18 22:34:20,868][ERROR] getTransform error from:base_link to:map error:"map" passed to lookupTransform argument target_frame does not exist. 
[2025-07-18 22:34:20,901][ERROR] getTransform error from:base_link to:map error:"map" passed to lookupTransform argument target_frame does not exist. 
[2025-07-18 22:34:20,934][ERROR] getTransform error from:base_link to:map error:"map" passed to lookupTransform argument target_frame does not exist. 
[2025-07-18 22:34:20,967][ERROR] getTransform error from:base_link to:map error:"map" passed to lookupTransform argument target_frame does not exist. 
[2025-07-18 22:34:21,001][ERROR] getTransform error from:base_link to:map error:"map" passed to lookupTransform argument target_frame does not exist. 
[2025-07-18 22:34:21,034][ERROR] getTransform error from:base_link to:map error:"map" passed to lookupTransform argument target_frame does not exist. 
[2025-07-18 22:34:21,067][ERROR] getTransform error from:base_link to:map error:"map" passed to lookupTransform argument target_frame does not exist. 
[2025-07-18 22:34:21,100][ERROR] getTransform error from:base_link to:map error:"map" passed to lookupTransform argument target_frame does not exist. 
[2025-07-18 22:34:21,134][ERROR] getTransform error from:base_link to:map error:"map" passed to lookupTransform argument target_frame does not exist. 
[2025-07-18 22:34:21,167][ERROR] getTransform error from:base_link to:map error:"map" passed to lookupTransform argument target_frame does not exist. 
[2025-07-18 22:34:21,200][ERROR] getTransform error from:base_link to:map error:"map" passed to lookupTransform argument target_frame does not exist. 
[2025-07-18 22:34:21,233][ERROR] getTransform error from:base_link to:map error:"map" passed to lookupTransform argument target_frame does not exist. 
[2025-07-18 22:34:21,267][ERROR] getTransform error from:base_link to:map error:"map" passed to lookupTransform argument target_frame does not exist. 
[2025-07-18 22:34:21,300][ERROR] getTransform error from:base_link to:map error:"map" passed to lookupTransform argument target_frame does not exist. 
[2025-07-18 22:34:21,333][ERROR] getTransform error from:base_link to:map error:"map" passed to lookupTransform argument target_frame does not exist. 
[2025-07-18 22:34:21,367][ERROR] getTransform error from:base_link to:map error:"map" passed to lookupTransform argument target_frame does not exist. 
[2025-07-18 22:34:21,400][ERROR] getTransform error from:base_link to:map error:"map" passed to lookupTransform argument target_frame does not exist. 
[2025-07-18 22:34:21,433][ERROR] getTransform error from:base_link to:map error:"map" passed to lookupTransform argument target_frame does not exist. 
[2025-07-18 22:34:21,466][ERROR] getTransform error from:base_link to:map error:"map" passed to lookupTransform argument target_frame does not exist. 
[2025-07-18 22:34:21,500][ERROR] getTransform error from:base_link to:map error:"map" passed to lookupTransform argument target_frame does not exist. 
[2025-07-18 22:34:21,533][ERROR] getTransform error from:base_link to:map error:"map" passed to lookupTransform argument target_frame does not exist. 
[2025-07-18 22:34:21,566][ERROR] getTransform error from:base_link to:map error:"map" passed to lookupTransform argument target_frame does not exist. 
[2025-07-18 22:34:21,599][ERROR] getTransform error from:base_link to:map error:"map" passed to lookupTransform argument target_frame does not exist. 
[2025-07-18 22:34:21,632][ERROR] getTransform error from:base_link to:map error:"map" passed to lookupTransform argument target_frame does not exist. 
[2025-07-18 22:34:21,666][ERROR] getTransform error from:base_link to:map error:"map" passed to lookupTransform argument target_frame does not exist. 
[2025-07-18 22:34:21,699][ERROR] getTransform error from:base_link to:map error:"map" passed to lookupTransform argument target_frame does not exist. 
[2025-07-18 22:34:21,732][ERROR] getTransform error from:base_link to:map error:"map" passed to lookupTransform argument target_frame does not exist. 
[2025-07-18 22:34:21,765][ERROR] getTransform error from:base_link to:map error:"map" passed to lookupTransform argument target_frame does not exist. 
[2025-07-18 22:34:21,799][ERROR] getTransform error from:base_link to:map error:"map" passed to lookupTransform argument target_frame does not exist. 
[2025-07-18 22:34:21,832][ERROR] getTransform error from:base_link to:map error:"map" passed to lookupTransform argument target_frame does not exist. 
[2025-07-18 22:34:21,865][ERROR] getTransform error from:base_link to:map error:"map" passed to lookupTransform argument target_frame does not exist. 
[2025-07-18 22:34:21,898][ERROR] getTransform error from:base_link to:map error:"map" passed to lookupTransform argument target_frame does not exist. 
[2025-07-18 22:34:21,931][ERROR] getTransform error from:base_link to:map error:"map" passed to lookupTransform argument target_frame does not exist. 
[2025-07-18 22:34:21,965][ERROR] getTransform error from:base_link to:map error:"map" passed to lookupTransform argument target_frame does not exist. 
[2025-07-18 22:34:21,998][ERROR] getTransform error from:base_link to:map error:"map" passed to lookupTransform argument target_frame does not exist. 
[2025-07-18 22:34:22,031][ERROR] getTransform error from:base_link to:map error:"map" passed to lookupTransform argument target_frame does not exist. 
[2025-07-18 22:34:22,065][ERROR] getTransform error from:base_link to:map error:"map" passed to lookupTransform argument target_frame does not exist. 
[2025-07-18 22:34:22,098][ERROR] getTransform error from:base_link to:map error:"map" passed to lookupTransform argument target_frame does not exist. 
[2025-07-18 22:34:22,131][ERROR] getTransform error from:base_link to:map error:"map" passed to lookupTransform argument target_frame does not exist. 
[2025-07-18 22:34:22,164][ERROR] getTransform error from:base_link to:map error:"map" passed to lookupTransform argument target_frame does not exist. 
[2025-07-18 22:34:22,197][ERROR] getTransform error from:base_link to:map error:"map" passed to lookupTransform argument target_frame does not exist. 
[2025-07-18 22:34:22,231][ERROR] getTransform error from:base_link to:map error:"map" passed to lookupTransform argument target_frame does not exist. 
[2025-07-18 22:34:22,264][ERROR] getTransform error from:base_link to:map error:"map" passed to lookupTransform argument target_frame does not exist. 
[2025-07-18 22:34:22,297][ERROR] getTransform error from:base_link to:map error:"map" passed to lookupTransform argument target_frame does not exist. 
[2025-07-18 22:34:22,330][ERROR] getTransform error from:base_link to:map error:"map" passed to lookupTransform argument target_frame does not exist. 
[2025-07-18 22:34:22,363][ERROR] getTransform error from:base_link to:map error:"map" passed to lookupTransform argument target_frame does not exist. 
[2025-07-18 22:34:22,397][ERROR] getTransform error from:base_link to:map error:"map" passed to lookupTransform argument target_frame does not exist. 
[2025-07-18 22:34:22,430][ERROR] getTransform error from:base_link to:map error:"map" passed to lookupTransform argument target_frame does not exist. 
[2025-07-18 22:34:22,463][ERROR] getTransform error from:base_link to:map error:"map" passed to lookupTransform argument target_frame does not exist. 
[2025-07-18 22:34:22,496][ERROR] getTransform error from:base_link to:map error:"map" passed to lookupTransform argument target_frame does not exist. 
[2025-07-18 22:34:22,529][ERROR] getTransform error from:base_link to:map error:"map" passed to lookupTransform argument target_frame does not exist. 
[2025-07-18 22:34:22,563][ERROR] getTransform error from:base_link to:map error:"map" passed to lookupTransform argument target_frame does not exist. 
[2025-07-18 22:34:22,596][ERROR] getTransform error from:base_link to:map error:"map" passed to lookupTransform argument target_frame does not exist. 
[2025-07-18 22:34:22,629][ERROR] getTransform error from:base_link to:map error:"map" passed to lookupTransform argument target_frame does not exist. 
[2025-07-18 22:34:22,662][ERROR] getTransform error from:base_link to:map error:"map" passed to lookupTransform argument target_frame does not exist. 
[2025-07-18 22:34:22,695][ERROR] getTransform error from:base_link to:map error:"map" passed to lookupTransform argument target_frame does not exist. 
[2025-07-18 22:34:22,729][ERROR] getTransform error from:base_link to:map error:"map" passed to lookupTransform argument target_frame does not exist. 
[2025-07-18 22:34:22,762][ERROR] getTransform error from:base_link to:map error:"map" passed to lookupTransform argument target_frame does not exist. 
[2025-07-18 22:34:22,795][ERROR] getTransform error from:base_link to:map error:"map" passed to lookupTransform argument target_frame does not exist. 
[2025-07-18 22:34:22,828][ERROR] getTransform error from:base_link to:map error:"map" passed to lookupTransform argument target_frame does not exist. 
[2025-07-18 22:34:22,861][ERROR] getTransform error from:base_link to:map error:"map" passed to lookupTransform argument target_frame does not exist. 
[2025-07-18 22:34:22,894][ERROR] getTransform error from:base_link to:map error:"map" passed to lookupTransform argument target_frame does not exist. 
[2025-07-18 22:34:22,928][ERROR] getTransform error from:base_link to:map error:"map" passed to lookupTransform argument target_frame does not exist. 
[2025-07-18 22:34:22,961][ERROR] getTransform error from:base_link to:map error:"map" passed to lookupTransform argument target_frame does not exist. 
[2025-07-18 22:34:22,994][ERROR] getTransform error from:base_link to:map error:"map" passed to lookupTransform argument target_frame does not exist. 
[2025-07-18 22:34:23,027][ERROR] getTransform error from:base_link to:map error:"map" passed to lookupTransform argument target_frame does not exist. 
[2025-07-18 22:34:23,060][ERROR] getTransform error from:base_link to:map error:"map" passed to lookupTransform argument target_frame does not exist. 
[2025-07-18 22:34:23,094][ERROR] getTransform error from:base_link to:map error:"map" passed to lookupTransform argument target_frame does not exist. 
[2025-07-18 22:34:23,127][ERROR] getTransform error from:base_link to:map error:"map" passed to lookupTransform argument target_frame does not exist. 
[2025-07-18 22:34:23,160][ERROR] getTransform error from:base_link to:map error:"map" passed to lookupTransform argument target_frame does not exist. 
[2025-07-18 22:34:23,193][ERROR] getTransform error from:base_link to:map error:"map" passed to lookupTransform argument target_frame does not exist. 
[2025-07-18 22:34:23,226][ERROR] getTransform error from:base_link to:map error:"map" passed to lookupTransform argument target_frame does not exist. 
[2025-07-18 22:34:23,260][ERROR] getTransform error from:base_link to:map error:"map" passed to lookupTransform argument target_frame does not exist. 
[2025-07-18 22:34:23,293][ERROR] getTransform error from:base_link to:map error:"map" passed to lookupTransform argument target_frame does not exist. 
[2025-07-18 22:34:23,326][ERROR] getTransform error from:base_link to:map error:"map" passed to lookupTransform argument target_frame does not exist. 
[2025-07-18 22:34:23,359][ERROR] getTransform error from:base_link to:map error:"map" passed to lookupTransform argument target_frame does not exist. 
[2025-07-18 22:34:23,393][ERROR] getTransform error from:base_link to:map error:"map" passed to lookupTransform argument target_frame does not exist. 
[2025-07-18 22:34:23,426][ERROR] getTransform error from:base_link to:map error:"map" passed to lookupTransform argument target_frame does not exist. 
[2025-07-18 22:34:23,459][ERROR] getTransform error from:base_link to:map error:"map" passed to lookupTransform argument target_frame does not exist. 
[2025-07-18 22:34:23,492][ERROR] getTransform error from:base_link to:map error:"map" passed to lookupTransform argument target_frame does not exist. 
[2025-07-18 22:34:23,526][ERROR] getTransform error from:base_link to:map error:"map" passed to lookupTransform argument target_frame does not exist. 
[2025-07-18 22:34:23,559][ERROR] getTransform error from:base_link to:map error:"map" passed to lookupTransform argument target_frame does not exist. 
[2025-07-18 22:34:23,592][ERROR] getTransform error from:base_link to:map error:"map" passed to lookupTransform argument target_frame does not exist. 
[2025-07-18 22:34:23,625][ERROR] getTransform error from:base_link to:map error:"map" passed to lookupTransform argument target_frame does not exist. 
[2025-07-18 22:34:23,658][ERROR] getTransform error from:base_link to:map error:"map" passed to lookupTransform argument target_frame does not exist. 
[2025-07-18 22:34:23,692][ERROR] getTransform error from:base_link to:map error:"map" passed to lookupTransform argument target_frame does not exist. 
[2025-07-18 22:34:23,725][ERROR] getTransform error from:base_link to:map error:"map" passed to lookupTransform argument target_frame does not exist. 
[2025-07-18 22:34:23,758][ERROR] getTransform error from:base_link to:map error:"map" passed to lookupTransform argument target_frame does not exist. 
[2025-07-18 22:34:23,791][ERROR] getTransform error from:base_link to:map error:"map" passed to lookupTransform argument target_frame does not exist. 
[2025-07-18 22:34:23,824][ERROR] getTransform error from:base_link to:map error:"map" passed to lookupTransform argument target_frame does not exist. 
[2025-07-18 22:34:23,858][ERROR] getTransform error from:base_link to:map error:"map" passed to lookupTransform argument target_frame does not exist. 
[2025-07-18 22:34:23,891][ERROR] getTransform error from:base_link to:map error:"map" passed to lookupTransform argument target_frame does not exist. 
[2025-07-18 22:34:23,924][ERROR] getTransform error from:base_link to:map error:"map" passed to lookupTransform argument target_frame does not exist. 
[2025-07-18 22:34:23,957][ERROR] getTransform error from:base_link to:map error:"map" passed to lookupTransform argument target_frame does not exist. 
[2025-07-18 22:34:23,991][ERROR] getTransform error from:base_link to:map error:"map" passed to lookupTransform argument target_frame does not exist. 
[2025-07-18 22:34:24,024][ERROR] getTransform error from:base_link to:map error:"map" passed to lookupTransform argument target_frame does not exist. 
[2025-07-18 22:34:24,057][ERROR] getTransform error from:base_link to:map error:"map" passed to lookupTransform argument target_frame does not exist. 
[2025-07-18 22:34:24,090][ERROR] getTransform error from:base_link to:map error:"map" passed to lookupTransform argument target_frame does not exist. 
[2025-07-18 22:34:24,124][ERROR] getTransform error from:base_link to:map error:"map" passed to lookupTransform argument target_frame does not exist. 
[2025-07-18 22:34:24,157][ERROR] getTransform error from:base_link to:map error:"map" passed to lookupTransform argument target_frame does not exist. 
[2025-07-18 22:34:24,190][ERROR] getTransform error from:base_link to:map error:"map" passed to lookupTransform argument target_frame does not exist. 
[2025-07-18 22:34:24,223][ERROR] getTransform error from:base_link to:map error:"map" passed to lookupTransform argument target_frame does not exist. 
[2025-07-18 22:34:24,256][ERROR] getTransform error from:base_link to:map error:"map" passed to lookupTransform argument target_frame does not exist. 
[2025-07-18 22:34:24,290][ERROR] getTransform error from:base_link to:map error:"map" passed to lookupTransform argument target_frame does not exist. 
[2025-07-18 22:34:24,323][ERROR] getTransform error from:base_link to:map error:"map" passed to lookupTransform argument target_frame does not exist. 
[2025-07-18 22:34:24,356][ERROR] getTransform error from:base_link to:map error:"map" passed to lookupTransform argument target_frame does not exist. 
[2025-07-18 22:34:24,389][ERROR] getTransform error from:base_link to:map error:"map" passed to lookupTransform argument target_frame does not exist. 
[2025-07-18 22:34:24,423][ERROR] getTransform error from:base_link to:map error:"map" passed to lookupTransform argument target_frame does not exist. 
[2025-07-18 22:34:24,456][ERROR] getTransform error from:base_link to:map error:"map" passed to lookupTransform argument target_frame does not exist. 
[2025-07-18 22:34:24,489][ERROR] getTransform error from:base_link to:map error:"map" passed to lookupTransform argument target_frame does not exist. 
[2025-07-18 22:34:24,522][ERROR] getTransform error from:base_link to:map error:"map" passed to lookupTransform argument target_frame does not exist. 
[2025-07-18 22:34:24,556][ERROR] getTransform error from:base_link to:map error:"map" passed to lookupTransform argument target_frame does not exist. 
[2025-07-18 22:34:24,589][ERROR] getTransform error from:base_link to:map error:"map" passed to lookupTransform argument target_frame does not exist. 
[2025-07-18 22:34:24,622][ERROR] getTransform error from:base_link to:map error:"map" passed to lookupTransform argument target_frame does not exist. 
[2025-07-18 22:34:24,656][ERROR] getTransform error from:base_link to:map error:"map" passed to lookupTransform argument target_frame does not exist. 
[2025-07-18 22:34:24,689][ERROR] getTransform error from:base_link to:map error:"map" passed to lookupTransform argument target_frame does not exist. 
[2025-07-18 22:34:24,722][ERROR] getTransform error from:base_link to:map error:"map" passed to lookupTransform argument target_frame does not exist. 
[2025-07-18 22:34:24,755][ERROR] getTransform error from:base_link to:map error:"map" passed to lookupTransform argument target_frame does not exist. 
[2025-07-18 22:34:24,788][ERROR] getTransform error from:base_link to:map error:"map" passed to lookupTransform argument target_frame does not exist. 
[2025-07-18 22:34:24,821][ERROR] getTransform error from:base_link to:map error:"map" passed to lookupTransform argument target_frame does not exist. 
[2025-07-18 22:34:24,855][ERROR] getTransform error from:base_link to:map error:"map" passed to lookupTransform argument target_frame does not exist. 
[2025-07-18 22:34:24,888][ERROR] getTransform error from:base_link to:map error:"map" passed to lookupTransform argument target_frame does not exist. 
[2025-07-18 22:34:24,921][ERROR] getTransform error from:base_link to:map error:"map" passed to lookupTransform argument target_frame does not exist. 
[2025-07-18 22:34:24,954][ERROR] getTransform error from:base_link to:map error:"map" passed to lookupTransform argument target_frame does not exist. 
[2025-07-18 22:34:24,987][ERROR] getTransform error from:base_link to:map error:"map" passed to lookupTransform argument target_frame does not exist. 
[2025-07-18 22:34:25,020][ERROR] getTransform error from:base_link to:map error:"map" passed to lookupTransform argument target_frame does not exist. 
[2025-07-18 22:34:25,054][ERROR] getTransform error from:base_link to:map error:"map" passed to lookupTransform argument target_frame does not exist. 
[2025-07-18 22:34:25,087][ERROR] getTransform error from:base_link to:map error:"map" passed to lookupTransform argument target_frame does not exist. 
[2025-07-18 22:34:25,120][ERROR] getTransform error from:base_link to:map error:"map" passed to lookupTransform argument target_frame does not exist. 
[2025-07-18 22:34:25,153][ERROR] getTransform error from:base_link to:map error:"map" passed to lookupTransform argument target_frame does not exist. 
[2025-07-18 22:34:25,187][ERROR] getTransform error from:base_link to:map error:"map" passed to lookupTransform argument target_frame does not exist. 
[2025-07-18 22:34:25,220][ERROR] getTransform error from:base_link to:map error:"map" passed to lookupTransform argument target_frame does not exist. 
[2025-07-18 22:34:25,253][ERROR] getTransform error from:base_link to:map error:"map" passed to lookupTransform argument target_frame does not exist. 
[2025-07-18 22:34:25,286][ERROR] getTransform error from:base_link to:map error:"map" passed to lookupTransform argument target_frame does not exist. 
[2025-07-18 22:34:25,319][ERROR] getTransform error from:base_link to:map error:"map" passed to lookupTransform argument target_frame does not exist. 
[2025-07-18 22:34:25,352][ERROR] getTransform error from:base_link to:map error:"map" passed to lookupTransform argument target_frame does not exist. 
[2025-07-18 22:34:25,386][ERROR] getTransform error from:base_link to:map error:"map" passed to lookupTransform argument target_frame does not exist. 
[2025-07-18 22:34:25,419][ERROR] getTransform error from:base_link to:map error:"map" passed to lookupTransform argument target_frame does not exist. 
[2025-07-18 22:34:25,452][ERROR] getTransform error from:base_link to:map error:"map" passed to lookupTransform argument target_frame does not exist. 
[2025-07-18 22:34:25,485][ERROR] getTransform error from:base_link to:map error:"map" passed to lookupTransform argument target_frame does not exist. 
[2025-07-18 22:34:25,518][ERROR] getTransform error from:base_link to:map error:"map" passed to lookupTransform argument target_frame does not exist. 
[2025-07-18 22:34:25,552][ERROR] getTransform error from:base_link to:map error:"map" passed to lookupTransform argument target_frame does not exist. 
[2025-07-18 22:34:25,585][ERROR] getTransform error from:base_link to:map error:"map" passed to lookupTransform argument target_frame does not exist. 
[2025-07-18 22:34:25,618][ERROR] getTransform error from:base_link to:map error:"map" passed to lookupTransform argument target_frame does not exist. 
[2025-07-18 22:34:25,651][ERROR] getTransform error from:base_link to:map error:"map" passed to lookupTransform argument target_frame does not exist. 
[2025-07-18 22:34:25,684][ERROR] getTransform error from:base_link to:map error:"map" passed to lookupTransform argument target_frame does not exist. 
[2025-07-18 22:34:25,717][ERROR] getTransform error from:base_link to:map error:"map" passed to lookupTransform argument target_frame does not exist. 
[2025-07-18 22:34:25,751][ERROR] getTransform error from:base_link to:map error:"map" passed to lookupTransform argument target_frame does not exist. 
[2025-07-18 22:34:25,784][ERROR] getTransform error from:base_link to:map error:"map" passed to lookupTransform argument target_frame does not exist. 
[2025-07-18 22:34:25,817][ERROR] getTransform error from:base_link to:map error:"map" passed to lookupTransform argument target_frame does not exist. 
[2025-07-18 22:34:25,850][ERROR] getTransform error from:base_link to:map error:"map" passed to lookupTransform argument target_frame does not exist. 
[2025-07-18 22:34:25,884][ERROR] getTransform error from:base_link to:map error:"map" passed to lookupTransform argument target_frame does not exist. 
[2025-07-18 22:34:25,917][ERROR] getTransform error from:base_link to:map error:"map" passed to lookupTransform argument target_frame does not exist. 
[2025-07-18 22:34:25,950][ERROR] getTransform error from:base_link to:map error:"map" passed to lookupTransform argument target_frame does not exist. 
[2025-07-18 22:34:25,983][ERROR] getTransform error from:base_link to:map error:"map" passed to lookupTransform argument target_frame does not exist. 
[2025-07-18 22:34:26,017][ERROR] getTransform error from:base_link to:map error:"map" passed to lookupTransform argument target_frame does not exist. 
[2025-07-18 22:34:26,050][ERROR] getTransform error from:base_link to:map error:"map" passed to lookupTransform argument target_frame does not exist. 
[2025-07-18 22:34:26,083][ERROR] getTransform error from:base_link to:map error:"map" passed to lookupTransform argument target_frame does not exist. 
[2025-07-18 22:34:26,116][ERROR] getTransform error from:base_link to:map error:"map" passed to lookupTransform argument target_frame does not exist. 
[2025-07-18 22:34:26,149][ERROR] getTransform error from:base_link to:map error:"map" passed to lookupTransform argument target_frame does not exist. 
[2025-07-18 22:34:26,183][ERROR] getTransform error from:base_link to:map error:"map" passed to lookupTransform argument target_frame does not exist. 
[2025-07-18 22:34:26,216][ERROR] getTransform error from:base_link to:map error:"map" passed to lookupTransform argument target_frame does not exist. 
[2025-07-18 22:34:26,249][ERROR] getTransform error from:base_link to:map error:"map" passed to lookupTransform argument target_frame does not exist. 
[2025-07-18 22:34:26,282][ERROR] getTransform error from:base_link to:map error:"map" passed to lookupTransform argument target_frame does not exist. 
[2025-07-18 22:34:26,316][ERROR] getTransform error from:base_link to:map error:"map" passed to lookupTransform argument target_frame does not exist. 
[2025-07-18 22:34:26,349][ERROR] getTransform error from:base_link to:map error:"map" passed to lookupTransform argument target_frame does not exist. 
[2025-07-18 22:34:26,382][ERROR] getTransform error from:base_link to:map error:"map" passed to lookupTransform argument target_frame does not exist. 
[2025-07-18 22:34:26,415][ERROR] getTransform error from:base_link to:map error:"map" passed to lookupTransform argument target_frame does not exist. 
[2025-07-18 22:34:26,448][ERROR] getTransform error from:base_link to:map error:"map" passed to lookupTransform argument target_frame does not exist. 
[2025-07-18 22:34:26,482][ERROR] getTransform error from:base_link to:map error:"map" passed to lookupTransform argument target_frame does not exist. 
[2025-07-18 22:34:26,515][ERROR] getTransform error from:base_link to:map error:"map" passed to lookupTransform argument target_frame does not exist. 
[2025-07-18 22:34:26,548][ERROR] getTransform error from:base_link to:map error:"map" passed to lookupTransform argument target_frame does not exist. 
[2025-07-18 22:34:26,582][ERROR] getTransform error from:base_link to:map error:"map" passed to lookupTransform argument target_frame does not exist. 
[2025-07-18 22:34:26,616][ERROR] getTransform error from:base_link to:map error:"map" passed to lookupTransform argument target_frame does not exist. 
[2025-07-18 22:34:26,649][ERROR] getTransform error from:base_link to:map error:"map" passed to lookupTransform argument target_frame does not exist. 
[2025-07-18 22:34:26,683][ERROR] getTransform error from:base_link to:map error:"map" passed to lookupTransform argument target_frame does not exist. 
[2025-07-18 22:34:26,716][ERROR] getTransform error from:base_link to:map error:"map" passed to lookupTransform argument target_frame does not exist. 
[2025-07-18 22:34:26,749][ERROR] getTransform error from:base_link to:map error:"map" passed to lookupTransform argument target_frame does not exist. 
[2025-07-18 22:34:26,783][ERROR] getTransform error from:base_link to:map error:"map" passed to lookupTransform argument target_frame does not exist. 
[2025-07-18 22:34:26,816][ERROR] getTransform error from:base_link to:map error:"map" passed to lookupTransform argument target_frame does not exist. 
[2025-07-18 22:34:26,849][ERROR] getTransform error from:base_link to:map error:"map" passed to lookupTransform argument target_frame does not exist. 
[2025-07-18 22:34:26,882][ERROR] getTransform error from:base_link to:map error:"map" passed to lookupTransform argument target_frame does not exist. 
[2025-07-18 22:34:26,915][ERROR] getTransform error from:base_link to:map error:"map" passed to lookupTransform argument target_frame does not exist. 
[2025-07-18 22:34:26,949][ERROR] getTransform error from:base_link to:map error:"map" passed to lookupTransform argument target_frame does not exist. 
[2025-07-18 22:34:26,982][ERROR] getTransform error from:base_link to:map error:"map" passed to lookupTransform argument target_frame does not exist. 
[2025-07-18 22:34:27,015][ERROR] getTransform error from:base_link to:map error:"map" passed to lookupTransform argument target_frame does not exist. 
[2025-07-18 22:34:27,049][ERROR] getTransform error from:base_link to:map error:"map" passed to lookupTransform argument target_frame does not exist. 
[2025-07-18 22:34:27,082][ERROR] getTransform error from:base_link to:map error:"map" passed to lookupTransform argument target_frame does not exist. 
[2025-07-18 22:34:27,115][ERROR] getTransform error from:base_link to:map error:"map" passed to lookupTransform argument target_frame does not exist. 
[2025-07-18 22:34:27,148][ERROR] getTransform error from:base_link to:map error:"map" passed to lookupTransform argument target_frame does not exist. 
[2025-07-18 22:34:27,182][ERROR] getTransform error from:base_link to:map error:"map" passed to lookupTransform argument target_frame does not exist. 
[2025-07-18 22:34:27,215][ERROR] getTransform error from:base_link to:map error:"map" passed to lookupTransform argument target_frame does not exist. 
[2025-07-18 22:34:27,248][ERROR] getTransform error from:base_link to:map error:"map" passed to lookupTransform argument target_frame does not exist. 
[2025-07-18 22:34:27,282][ERROR] getTransform error from:base_link to:map error:"map" passed to lookupTransform argument target_frame does not exist. 
[2025-07-18 22:34:27,315][ERROR] getTransform error from:base_link to:map error:"map" passed to lookupTransform argument target_frame does not exist. 
[2025-07-18 22:34:27,348][ERROR] getTransform error from:base_link to:map error:"map" passed to lookupTransform argument target_frame does not exist. 
[2025-07-18 22:34:27,381][ERROR] getTransform error from:base_link to:map error:"map" passed to lookupTransform argument target_frame does not exist. 
[2025-07-18 22:34:27,414][ERROR] getTransform error from:base_link to:map error:"map" passed to lookupTransform argument target_frame does not exist. 
[2025-07-18 22:34:27,448][ERROR] getTransform error from:base_link to:map error:"map" passed to lookupTransform argument target_frame does not exist. 
[2025-07-18 22:34:27,481][ERROR] getTransform error from:base_link to:map error:"map" passed to lookupTransform argument target_frame does not exist. 
[2025-07-18 22:34:27,514][ERROR] getTransform error from:base_link to:map error:"map" passed to lookupTransform argument target_frame does not exist. 
[2025-07-18 22:34:27,548][ERROR] getTransform error from:base_link to:map error:"map" passed to lookupTransform argument target_frame does not exist. 
[2025-07-18 22:34:27,581][ERROR] getTransform error from:base_link to:map error:"map" passed to lookupTransform argument target_frame does not exist. 
[2025-07-18 22:34:27,614][ERROR] getTransform error from:base_link to:map error:"map" passed to lookupTransform argument target_frame does not exist. 
[2025-07-18 22:34:27,647][ERROR] getTransform error from:base_link to:map error:"map" passed to lookupTransform argument target_frame does not exist. 
[2025-07-18 22:34:27,680][ERROR] getTransform error from:base_link to:map error:"map" passed to lookupTransform argument target_frame does not exist. 
[2025-07-18 22:34:27,714][ERROR] getTransform error from:base_link to:map error:"map" passed to lookupTransform argument target_frame does not exist. 
[2025-07-18 22:34:27,747][ERROR] getTransform error from:base_link to:map error:"map" passed to lookupTransform argument target_frame does not exist. 
[2025-07-18 22:34:27,780][ERROR] getTransform error from:base_link to:map error:"map" passed to lookupTransform argument target_frame does not exist. 
[2025-07-18 22:34:27,813][ERROR] getTransform error from:base_link to:map error:"map" passed to lookupTransform argument target_frame does not exist. 
[2025-07-18 22:34:27,846][ERROR] getTransform error from:base_link to:map error:"map" passed to lookupTransform argument target_frame does not exist. 
[2025-07-18 22:34:27,880][ERROR] getTransform error from:base_link to:map error:"map" passed to lookupTransform argument target_frame does not exist. 
[2025-07-18 22:34:27,913][ERROR] getTransform error from:base_link to:map error:"map" passed to lookupTransform argument target_frame does not exist. 
[2025-07-18 22:34:27,946][ERROR] getTransform error from:base_link to:map error:"map" passed to lookupTransform argument target_frame does not exist. 
[2025-07-18 22:34:27,980][ERROR] getTransform error from:base_link to:map error:"map" passed to lookupTransform argument target_frame does not exist. 
[2025-07-18 22:34:28,013][ERROR] getTransform error from:base_link to:map error:"map" passed to lookupTransform argument target_frame does not exist. 
[2025-07-18 22:34:28,046][ERROR] getTransform error from:base_link to:map error:"map" passed to lookupTransform argument target_frame does not exist. 
[2025-07-18 22:34:28,079][ERROR] getTransform error from:base_link to:map error:"map" passed to lookupTransform argument target_frame does not exist. 
[2025-07-18 22:34:28,113][ERROR] getTransform error from:base_link to:map error:"map" passed to lookupTransform argument target_frame does not exist. 
[2025-07-18 22:34:28,146][ERROR] getTransform error from:base_link to:map error:"map" passed to lookupTransform argument target_frame does not exist. 
[2025-07-18 22:34:28,179][ERROR] getTransform error from:base_link to:map error:"map" passed to lookupTransform argument target_frame does not exist. 
[2025-07-18 22:35:40,020][INFO]  MainWindow init thread id0x7f86f4aedc80
[2025-07-18 22:35:40,053][INFO] init image window location:front topic:/yolo/result_image/compressed
[2025-07-18 22:35:40,103][INFO] image location:fronttopic:/yolo/result_image/compressed
[2025-07-18 22:35:40,104][ERROR] getTransform error from:base_link to:map error:"map" passed to lookupTransform argument target_frame does not exist. 
[2025-07-18 22:35:40,129][INFO] ros_qt5_gui_app init!
[2025-07-18 22:35:40,164][ERROR] getTransform error from:base_link to:map error:"map" passed to lookupTransform argument target_frame does not exist. 
[2025-07-18 22:35:40,205][ERROR] getTransform error from:base_link to:map error:"map" passed to lookupTransform argument target_frame does not exist. 
[2025-07-18 22:35:40,238][ERROR] getTransform error from:base_link to:map error:"map" passed to lookupTransform argument target_frame does not exist. 
[2025-07-18 22:35:40,271][ERROR] getTransform error from:base_link to:map error:"map" passed to lookupTransform argument target_frame does not exist. 
[2025-07-18 22:35:40,304][ERROR] getTransform error from:base_link to:map error:"map" passed to lookupTransform argument target_frame does not exist. 
[2025-07-18 22:35:40,338][ERROR] getTransform error from:base_link to:map error:"map" passed to lookupTransform argument target_frame does not exist. 
[2025-07-18 22:35:40,371][ERROR] getTransform error from:base_link to:map error:"map" passed to lookupTransform argument target_frame does not exist. 
[2025-07-18 22:35:40,404][ERROR] getTransform error from:base_link to:map error:"map" passed to lookupTransform argument target_frame does not exist. 
[2025-07-18 22:35:40,437][ERROR] getTransform error from:base_link to:map error:"map" passed to lookupTransform argument target_frame does not exist. 
[2025-07-18 22:35:40,471][ERROR] getTransform error from:base_link to:map error:"map" passed to lookupTransform argument target_frame does not exist. 
[2025-07-18 22:35:40,504][ERROR] getTransform error from:base_link to:map error:"map" passed to lookupTransform argument target_frame does not exist. 
[2025-07-18 22:35:40,537][ERROR] getTransform error from:base_link to:map error:"map" passed to lookupTransform argument target_frame does not exist. 
[2025-07-18 22:35:40,570][ERROR] getTransform error from:base_link to:map error:"map" passed to lookupTransform argument target_frame does not exist. 
[2025-07-18 22:35:40,604][ERROR] getTransform error from:base_link to:map error:"map" passed to lookupTransform argument target_frame does not exist. 
[2025-07-18 22:35:40,637][ERROR] getTransform error from:base_link to:map error:"map" passed to lookupTransform argument target_frame does not exist. 
[2025-07-18 22:35:40,670][ERROR] getTransform error from:base_link to:map error:"map" passed to lookupTransform argument target_frame does not exist. 
[2025-07-18 22:35:40,703][ERROR] getTransform error from:base_link to:map error:"map" passed to lookupTransform argument target_frame does not exist. 
[2025-07-18 22:35:40,736][ERROR] getTransform error from:base_link to:map error:"map" passed to lookupTransform argument target_frame does not exist. 
[2025-07-18 22:35:40,770][ERROR] getTransform error from:base_link to:map error:"map" passed to lookupTransform argument target_frame does not exist. 
[2025-07-18 22:35:40,803][ERROR] getTransform error from:base_link to:map error:"map" passed to lookupTransform argument target_frame does not exist. 
[2025-07-18 22:35:40,836][ERROR] getTransform error from:base_link to:map error:"map" passed to lookupTransform argument target_frame does not exist. 
[2025-07-18 22:35:40,869][ERROR] getTransform error from:base_link to:map error:"map" passed to lookupTransform argument target_frame does not exist. 
[2025-07-18 22:35:40,902][ERROR] getTransform error from:base_link to:map error:"map" passed to lookupTransform argument target_frame does not exist. 
[2025-07-18 22:35:40,936][ERROR] getTransform error from:base_link to:map error:"map" passed to lookupTransform argument target_frame does not exist. 
[2025-07-18 22:35:40,969][ERROR] getTransform error from:base_link to:map error:"map" passed to lookupTransform argument target_frame does not exist. 
[2025-07-18 22:35:41,002][ERROR] getTransform error from:base_link to:map error:"map" passed to lookupTransform argument target_frame does not exist. 
[2025-07-18 22:35:41,036][ERROR] getTransform error from:base_link to:map error:"map" passed to lookupTransform argument target_frame does not exist. 
[2025-07-18 22:35:41,069][ERROR] getTransform error from:base_link to:map error:"map" passed to lookupTransform argument target_frame does not exist. 
[2025-07-18 22:35:41,102][ERROR] getTransform error from:base_link to:map error:"map" passed to lookupTransform argument target_frame does not exist. 
[2025-07-18 22:35:41,135][ERROR] getTransform error from:base_link to:map error:"map" passed to lookupTransform argument target_frame does not exist. 
[2025-07-18 22:35:41,168][ERROR] getTransform error from:base_link to:map error:"map" passed to lookupTransform argument target_frame does not exist. 
[2025-07-18 22:35:41,202][ERROR] getTransform error from:base_link to:map error:"map" passed to lookupTransform argument target_frame does not exist. 
[2025-07-18 22:35:41,235][ERROR] getTransform error from:base_link to:map error:"map" passed to lookupTransform argument target_frame does not exist. 
[2025-07-18 22:35:41,268][ERROR] getTransform error from:base_link to:map error:"map" passed to lookupTransform argument target_frame does not exist. 
[2025-07-18 22:35:41,301][ERROR] getTransform error from:base_link to:map error:"map" passed to lookupTransform argument target_frame does not exist. 
[2025-07-18 22:35:41,335][ERROR] getTransform error from:base_link to:map error:"map" passed to lookupTransform argument target_frame does not exist. 
[2025-07-18 22:35:41,368][ERROR] getTransform error from:base_link to:map error:"map" passed to lookupTransform argument target_frame does not exist. 
[2025-07-18 22:35:41,401][ERROR] getTransform error from:base_link to:map error:"map" passed to lookupTransform argument target_frame does not exist. 
[2025-07-18 22:35:41,434][ERROR] getTransform error from:base_link to:map error:"map" passed to lookupTransform argument target_frame does not exist. 
[2025-07-18 22:35:41,468][ERROR] getTransform error from:base_link to:map error:"map" passed to lookupTransform argument target_frame does not exist. 
[2025-07-18 22:35:41,501][ERROR] getTransform error from:base_link to:map error:"map" passed to lookupTransform argument target_frame does not exist. 
[2025-07-18 22:35:41,534][ERROR] getTransform error from:base_link to:map error:"map" passed to lookupTransform argument target_frame does not exist. 
[2025-07-18 22:35:41,567][ERROR] getTransform error from:base_link to:map error:"map" passed to lookupTransform argument target_frame does not exist. 
[2025-07-18 22:35:41,601][ERROR] getTransform error from:base_link to:map error:"map" passed to lookupTransform argument target_frame does not exist. 
[2025-07-18 22:35:41,634][ERROR] getTransform error from:base_link to:map error:"map" passed to lookupTransform argument target_frame does not exist. 
[2025-07-18 22:35:41,667][ERROR] getTransform error from:base_link to:map error:"map" passed to lookupTransform argument target_frame does not exist. 
[2025-07-18 22:35:41,700][ERROR] getTransform error from:base_link to:map error:"map" passed to lookupTransform argument target_frame does not exist. 
[2025-07-18 22:35:41,734][ERROR] getTransform error from:base_link to:map error:"map" passed to lookupTransform argument target_frame does not exist. 
[2025-07-18 22:35:41,767][ERROR] getTransform error from:base_link to:map error:"map" passed to lookupTransform argument target_frame does not exist. 
[2025-07-18 22:35:41,800][ERROR] getTransform error from:base_link to:map error:"map" passed to lookupTransform argument target_frame does not exist. 
[2025-07-18 22:35:41,833][ERROR] getTransform error from:base_link to:map error:"map" passed to lookupTransform argument target_frame does not exist. 
[2025-07-18 22:35:41,866][ERROR] getTransform error from:base_link to:map error:"map" passed to lookupTransform argument target_frame does not exist. 
[2025-07-18 22:35:41,900][ERROR] getTransform error from:base_link to:map error:"map" passed to lookupTransform argument target_frame does not exist. 
[2025-07-18 22:35:41,933][ERROR] getTransform error from:base_link to:map error:"map" passed to lookupTransform argument target_frame does not exist. 
[2025-07-18 22:35:41,966][ERROR] getTransform error from:base_link to:map error:"map" passed to lookupTransform argument target_frame does not exist. 
[2025-07-18 22:35:41,999][ERROR] getTransform error from:base_link to:map error:"map" passed to lookupTransform argument target_frame does not exist. 
[2025-07-18 22:35:42,032][ERROR] getTransform error from:base_link to:map error:"map" passed to lookupTransform argument target_frame does not exist. 
[2025-07-18 22:35:42,066][ERROR] getTransform error from:base_link to:map error:"map" passed to lookupTransform argument target_frame does not exist. 
[2025-07-18 22:35:42,099][ERROR] getTransform error from:base_link to:map error:"map" passed to lookupTransform argument target_frame does not exist. 
[2025-07-18 22:35:42,132][ERROR] getTransform error from:base_link to:map error:"map" passed to lookupTransform argument target_frame does not exist. 
[2025-07-18 22:35:42,165][ERROR] getTransform error from:base_link to:map error:"map" passed to lookupTransform argument target_frame does not exist. 
